// Jest Snapshot v1, https://goo.gl/fbAQLP

exports[`snapshots v3 should return a valid response from movie popular 1`] = `
Object {
  "page": 1,
  "results": Array [
    Object {
      "adult": false,
      "backdrop_path": "/pcDc2WJAYGJTTvRSEIpRZwM3Ola.jpg",
      "genre_ids": Array [
        28,
        12,
        14,
        878,
      ],
      "id": 791373,
      "original_language": "en",
      "original_title": "Zack Snyder's Justice League",
      "overview": "Con la determinación de asegurar que el sacrificio definitivo de Superman no fue en vano, Bruce Wayne une fuerzas con Diana Prince para reclutar a un equipo de metahumanos que protejan el mundo de una amenaza inminente de proporciones catastróficas. La tarea es más difícil de lo que Bruce imaginaba, ya que cada uno de los reclutas deberá enfrentarse a sus propios demonios para trascender aquello que los detenía, para unirse y formar de manera definitiva una liga de héroes sin precedentes. Ahora unidos, Batman, Wonder Woman, Aquaman, Cyborg y Flash deberán salvar al planeta de la amenaza de Steppenwolf, DeSaad y Darkseid, antes de que sea demasiado tarde.",
      "popularity": 687.605,
      "poster_path": "/rkuvJnamPl3xW9wKJsIS6qkmOCW.jpg",
      "release_date": "2021-03-18",
      "title": "La Liga de la Justicia de Zack Snyder",
      "video": false,
      "vote_average": 8.4,
      "vote_count": 6218,
    },
    Object {
      "adult": false,
      "backdrop_path": "/9ns9463dwOeo1CK1JU2wirL5Yi1.jpg",
      "genre_ids": Array [
        35,
        10751,
        16,
      ],
      "id": 587807,
      "original_language": "en",
      "original_title": "Tom & Jerry",
      "overview": "Tom el gato y Jerry el ratón son expulsados de su casa y se trasladan a un elegante hotel de Nueva York, donde una empleada descuidada llamada Kayla perderá su trabajo si no puede desalojar a Jerry antes de una boda de clase alta en el hotel. ¿Su solución? Contratar a Tom para deshacerse del molesto ratón.",
      "popularity": 430.761,
      "poster_path": "/orzPlWUbf0S5HeWmpP3TeHvduwn.jpg",
      "release_date": "2021-02-12",
      "title": "Tom y Jerry",
      "video": false,
      "vote_average": 7.2,
      "vote_count": 1667,
    },
    Object {
      "adult": false,
      "backdrop_path": "/dpoIQ9MN54cxuLZxDABEUOSFGY3.jpg",
      "genre_ids": Array [
        28,
        12,
        14,
      ],
      "id": 297761,
      "original_language": "en",
      "original_title": "Suicide Squad",
      "overview": "Mientras el gobierno de EE.UU no tiene claro cómo responder a una visita alienígena a la Tierra con intenciones malignas, Amanda 'El Muro' Waller, la líder de la agencia secreta A.R.G.U.S., ofrece una curiosa solución: reclutar a los villanos más crueles, con habilidades letales e incluso mágicas, para que trabajen para ellos. Sin demasiadas opciones a dar una negativa, los ocho supervillanos más peligrosos del mundo acceden a colaborar con el Ejecutivo en peligrosas misiones secretas, casi suicidas, para así lograr limpiar su expediente.",
      "popularity": 403.933,
      "poster_path": "/9ymhU7NclJr29MpZnBQbJurYbuc.jpg",
      "release_date": "2016-08-04",
      "title": "Escuadrón suicida",
      "video": false,
      "vote_average": 5.9,
      "vote_count": 17662,
    },
    Object {
      "adult": false,
      "backdrop_path": "/n6bUvigpRFqSwmPp1m2YADdbRBc.jpg",
      "genre_ids": Array [
        80,
        53,
        18,
      ],
      "id": 475557,
      "original_language": "en",
      "original_title": "Joker",
      "overview": "Arthur Fleck es un hombre ignorado por la sociedad, cuya motivación en la vida es hacer reír. Pero una serie de trágicos acontecimientos le llevarán a ver el mundo de otra forma. Película basada en Joker, el popular personaje de DC Comics y archivillano de Batman, pero que en este film toma un cariz más realista y oscuro.",
      "popularity": 367.488,
      "poster_path": "/v0eQLbzT6sWelfApuYsEkYpzufl.jpg",
      "release_date": "2019-10-03",
      "title": "Joker",
      "video": false,
      "vote_average": 8.2,
      "vote_count": 18271,
    },
    Object {
      "adult": false,
      "backdrop_path": "/7RyHsO4yDXtBv1zUU3mTpHeQ0d5.jpg",
      "genre_ids": Array [
        12,
        878,
        28,
      ],
      "id": 299534,
      "original_language": "en",
      "original_title": "Avengers: Endgame",
      "overview": "Después de los eventos devastadores de 'Vengadores: Infinity War', el universo está en ruinas debido a las acciones de Thanos. Con la ayuda de los aliados que quedaron, los Vengadores deberán reunirse una vez más para intentar deshacer sus acciones y restaurar el orden en el universo de una vez por todas, sin importar cuáles sean las consecuencias... Cuarta y última entrega de la saga \\"Vengadores\\".",
      "popularity": 254.63,
      "poster_path": "/br6krBFpaYmCSglLBWRuhui7tPc.jpg",
      "release_date": "2019-04-25",
      "title": "Vengadores: Endgame",
      "video": false,
      "vote_average": 8.3,
      "vote_count": 18761,
    },
    Object {
      "adult": false,
      "backdrop_path": "/4GlSMUpzSd3cliYGFJVziSDX53S.jpg",
      "genre_ids": Array [
        12,
        14,
      ],
      "id": 671,
      "original_language": "en",
      "original_title": "Harry Potter and the Philosopher's Stone",
      "overview": "Harry Potter es un huérfano que vive con sus desagradables tíos, los Dursley, y su repelente primo Dudley. Se acerca su undécimo cumpleaños y tiene pocas esperanzas de recibir algún regalo, ya que nunca nadie se acuerda de él. Sin embargo, pocos días antes de su cumpleaños, una serie de misteriosas cartas dirigidas a él y escritas con una estridente tinta verde rompen la monotonía de su vida: Harry es un mago y sus padres también lo eran.",
      "popularity": 207.707,
      "poster_path": "/3MKK7vAJLtSkBTABMTjxf6TOCo3.jpg",
      "release_date": "2001-11-30",
      "title": "Harry Potter y la piedra filosofal",
      "video": false,
      "vote_average": 7.9,
      "vote_count": 20743,
    },
    Object {
      "adult": false,
      "backdrop_path": "/4mfFtlGeInPrQVm1hpv7th02yjx.jpg",
      "genre_ids": Array [
        27,
        9648,
        53,
      ],
      "id": 259693,
      "original_language": "en",
      "original_title": "The Conjuring 2",
      "overview": "Secuela de la exitosa 'Expediente Warren' (2013), que lleva de nuevo a la pantalla otro caso real de los expedientes de los renombrados demonólogos Ed y Lorraine Warren. En este caso ambos viajarán al norte de Londres para ayudar a una madre soltera que tiene a su cargo cuatro hijos y que vive sola con ellos en una casa plagada de espíritus malignos.",
      "popularity": 181.192,
      "poster_path": "/AtwMXjMs7zDrTAM8L6SnaF5Qqzl.jpg",
      "release_date": "2016-06-09",
      "title": "Expediente Warren: El caso Enfield",
      "video": false,
      "vote_average": 7.3,
      "vote_count": 6200,
    },
    Object {
      "adult": false,
      "backdrop_path": "/c7VbRPlev1bRfKvTxr98erw5T7B.jpg",
      "genre_ids": Array [
        16,
        35,
        10751,
      ],
      "id": 585,
      "original_language": "en",
      "original_title": "Monsters, Inc.",
      "overview": "Monstruos, S.A. es la mayor empresa de miedo del mundo de los monstruos y James P. Sullivan es uno de sus mejores Asustadores. Sullivan es un imponente personaje recubierto de piel azul con lunares de color violeta que luce dos cuernos, y al que sus amigos llaman Sulley. Mike Wazowski, su Ayudante Asustador, además de su mejor amigo y compañero de habitación, es un monstruo verde, testarudo, tuerto y muy divertido. Asustar a los niños no es un trabajo tan fácil ya que los monstruos creen que son altamente tóxicos y no pueden entrar en contacto con ellos de ninguna manera. El ecléctico reparto también incluye al presidente y consejero delegado de la empresa, un monstruo en forma de cangrejo llamado Henry J. Waternoose, a la recepcionista Celia, una adorable monstrua con cabeza de serpiente, y al sarcástico camaleón llamado Randall Boggs, que quiere arrebatar el título de Mejor Asustador a Sulley.",
      "popularity": 179.905,
      "poster_path": "/jTE3BLVCpYaR71L2U8SHV22HvEr.jpg",
      "release_date": "2001-12-21",
      "title": "Monstruos, S.A.",
      "video": false,
      "vote_average": 7.8,
      "vote_count": 14465,
    },
    Object {
      "adult": false,
      "backdrop_path": "/bvRnPaai6JL7XHF4K6414DdSHro.jpg",
      "genre_ids": Array [
        12,
        14,
      ],
      "id": 672,
      "original_language": "en",
      "original_title": "Harry Potter and the Chamber of Secrets",
      "overview": "Harry regresa a su segundo año a Hogwarts, pero descubre que cosas malas ocurren debido a que un sitio llamado la Cámara de los Secretos ha sido abierto por el heredero de Slytherin y hará que los hijos de muggles, los impuros, aparezcan petrificados misteriosamente por un animal monstruoso.",
      "popularity": 176.856,
      "poster_path": "/bhCfAzeMMg7GyLDT11yVM2i1NPh.jpg",
      "release_date": "2002-11-22",
      "title": "Harry Potter y la cámara secreta",
      "video": false,
      "vote_average": 7.7,
      "vote_count": 16792,
    },
    Object {
      "adult": false,
      "backdrop_path": "/ve4TEHHmJdnEKVWSYlRa3DdoeKz.jpg",
      "genre_ids": Array [
        12,
        14,
      ],
      "id": 673,
      "original_language": "en",
      "original_title": "Harry Potter and the Prisoner of Azkaban",
      "overview": "Harry está deseando que termine el verano para comenzar un nuevo curso en Hogwarts, y abandonar lo antes posible la casa de sus despreciables tíos, los Dursley. Lo que desconoce Harry es que va a tener que abandonar Privet Drive antes de tiempo e inesperadamente después de convertir a su tía Marge en un globo gigante. Un autobús noctámbulo, y encantado por supuesto, le llevará a la taberna El Caldero Chorreante, donde le espera nada menos que Cornelius Fudge, el Ministro de Magia.",
      "popularity": 169.451,
      "poster_path": "/wF9aoo4YZmpKP4bZPSy4Zwwek6G.jpg",
      "release_date": "2004-06-11",
      "title": "Harry Potter y el prisionero de Azkaban",
      "video": false,
      "vote_average": 8,
      "vote_count": 16507,
    },
    Object {
      "adult": false,
      "backdrop_path": "/jzdnhRhG0dsuYorwvSqPqqnM1cV.jpg",
      "genre_ids": Array [
        28,
        80,
        53,
      ],
      "id": 337339,
      "original_language": "en",
      "original_title": "The Fate of the Furious",
      "overview": "La carrera ha comenzado. Dom Toretto y su equipo volverán en esta ocasión con más ganas de guerra que nunca. No faltarán los excesos de velocidad y la adrenalina a raudales para un filme del que se espera que sea la entrega con más acción de esta saga callejera por excelencia.",
      "popularity": 166.734,
      "poster_path": "/5b1zDwWxoDG8p8aHoRYfzOd7Lvy.jpg",
      "release_date": "2017-04-12",
      "title": "Fast & Furious 8",
      "video": false,
      "vote_average": 6.9,
      "vote_count": 8419,
    },
    Object {
      "adult": false,
      "backdrop_path": "/9n6Cw2wl5ISOLxHhBVwZQfSN94D.jpg",
      "genre_ids": Array [
        12,
        14,
        10751,
      ],
      "id": 674,
      "original_language": "en",
      "original_title": "Harry Potter and the Goblet of Fire",
      "overview": "En el cuarto año en Hogwarts, Harry se enfrenta al mayor de los desafíos y peligros de la saga. Cuando es elegido bajo misteriosas circunstancias como el competidor que representará a Hogwarts en el Torneo Triwizard, Harry deberá competir contra los mejores jóvenes magos de toda Europa. Pero mientras se prepara, aparecen pruebas que manifiestan que Lord Voldemort ha regresado. Antes de darse cuenta, Harry no solo estará luchando por el campeonato sino también por su vida",
      "popularity": 161.914,
      "poster_path": "/6Cn5Lx9kqhXzTNV5QXwZ3RW5pBg.jpg",
      "release_date": "2005-11-25",
      "title": "Harry Potter y el cáliz de fuego",
      "video": false,
      "vote_average": 7.8,
      "vote_count": 15864,
    },
    Object {
      "adult": false,
      "backdrop_path": "/ww7eC3BqSbFsyE5H5qMde8WkxJ2.jpg",
      "genre_ids": Array [
        28,
        27,
        878,
        53,
      ],
      "id": 443791,
      "original_language": "en",
      "original_title": "Underwater",
      "overview": "Un grupo de investigadores submarinos debe ponerse a salvo después de que un terremoto destroce por completo el laboratorio subterráneo en el que trabajaban.",
      "popularity": 147.769,
      "poster_path": "/82fJYjmWTaolNP2Lne02JZZcuig.jpg",
      "release_date": "2020-01-09",
      "title": "Underwater",
      "video": false,
      "vote_average": 6.3,
      "vote_count": 2140,
    },
    Object {
      "adult": false,
      "backdrop_path": "/wXsQvli6tWqja51pYxXNG1LFIGV.jpg",
      "genre_ids": Array [
        10751,
        16,
        18,
      ],
      "id": 8587,
      "original_language": "en",
      "original_title": "The Lion King",
      "overview": "La sabana africana es el escenario en el que tienen lugar las aventuras de Simba, un pequeño león que es el heredero del trono. Sin embargo, se ve forzado a exiliarse al ser injustamente acusado de la muerte de su padre. Durante su destierro, hará buenas amistades y, finalmente, regresará para recuperar lo que legítimamente le corresponde.",
      "popularity": 147.119,
      "poster_path": "/b0MxU37dNmMwKtoPVYPKOZSIrIn.jpg",
      "release_date": "1994-06-30",
      "title": "El rey león",
      "video": false,
      "vote_average": 8.3,
      "vote_count": 14265,
    },
    Object {
      "adult": false,
      "backdrop_path": "/1TUg5pO1VZ4B0Q1amk3OlXvlpXV.jpg",
      "genre_ids": Array [
        10751,
        12,
        16,
      ],
      "id": 420818,
      "original_language": "en",
      "original_title": "The Lion King",
      "overview": "Simba es el hijo del rey de los leones, Mufasa, y heredero de todo el reino. Pero cuando su padre es brutalmente asesinado por su tío Scar, decidirá huir, dejando vía libre para que su tío tome el puesto de su padre como líder de la manada. En su camino, Simba se encuentra con el suricato  Timón y el jabalí Pumba, que le enseñarán a vivir la vida sin preocupaciones. Pero el joven león se verá obligado a decidir entre su vida libre de problemas o su destino como rey .",
      "popularity": 145.095,
      "poster_path": "/eGfq90BF8QGCMpncF2ag0lGTgKk.jpg",
      "release_date": "2019-07-18",
      "title": "El Rey León",
      "video": false,
      "vote_average": 7.2,
      "vote_count": 7846,
    },
    Object {
      "adult": false,
      "backdrop_path": "/tTlAA0REGPXSZPBfWyTW9ipIv1I.jpg",
      "genre_ids": Array [
        28,
        12,
        878,
        18,
      ],
      "id": 315635,
      "original_language": "en",
      "original_title": "Spider-Man: Homecoming",
      "overview": "Peter Parker comienza a experimentar su recién descubierta identidad como el superhéroe Spider-Man. Después de la experiencia vivida con los Vengadores, Peter regresa a casa, donde vive con su tía. Bajo la atenta mirada de su mentor Tony Stark, Peter intenta mantener una vida normal como cualquier joven de su edad, pero interrumpe en su rutina diaria el nuevo villano Vulture y, con él, lo más importante de la vida de Peter comenzará a verse amenazado.",
      "popularity": 141.551,
      "poster_path": "/yJfPC6pjSJ5VOsVyXhx5PXBe0mR.jpg",
      "release_date": "2017-07-06",
      "title": "Spider-Man: Homecoming",
      "video": false,
      "vote_average": 7.4,
      "vote_count": 16544,
    },
    Object {
      "adult": false,
      "backdrop_path": "/nNmJRkg8wWnRmzQDe2FwKbPIsJV.jpg",
      "genre_ids": Array [
        878,
        28,
        12,
      ],
      "id": 24428,
      "original_language": "en",
      "original_title": "The Avengers",
      "overview": "Cuando un enemigo inesperado surge como una gran amenaza para la seguridad mundial, Nick Fury, director de la Agencia SHIELD, decide reclutar a un equipo para salvar al mundo de un desastre casi seguro.",
      "popularity": 136.908,
      "poster_path": "/ugX4WZJO3jEvTOerctAWJLinujo.jpg",
      "release_date": "2012-04-27",
      "title": "Los Vengadores",
      "video": false,
      "vote_average": 7.7,
      "vote_count": 25145,
    },
    Object {
      "adult": false,
      "backdrop_path": "/mCVQ2cZmGkAHG2Q3fDZTQA1YzeI.jpg",
      "genre_ids": Array [
        16,
        35,
        10751,
        12,
      ],
      "id": 425,
      "original_language": "en",
      "original_title": "Ice Age",
      "overview": "Hace muchos, muchos años, tantos como 20.000, una pequeña ardirata de nombre Scrat quería esconder una bellota en el hielo. Pero lo que hace es provocar una semicatástrofe que provoca que todos los animales migren hacia el sur, hacia tierras más cálidas. Bueno, lo que se dice todos, todos, no. Porque hay uno que lleva la contraria: se trata del mamut Manfred, un auténtico lobo solitario vagabundo y soberbio que va hacia el norte sólo porque los demás están yendo hacia el sur.",
      "popularity": 135.839,
      "poster_path": "/9rpdhn7p7mDZW2rUXsINf9c6sR5.jpg",
      "release_date": "2002-03-22",
      "title": "Ice Age: La edad de hielo",
      "video": false,
      "vote_average": 7.3,
      "vote_count": 10268,
    },
    Object {
      "adult": false,
      "backdrop_path": "/xIoWDHSA2ymOewcCpoUID4PpDb3.jpg",
      "genre_ids": Array [
        35,
        10751,
        16,
        878,
      ],
      "id": 2300,
      "original_language": "en",
      "original_title": "Space Jam",
      "overview": "Bugs Bunny y su equipo desafían a los Nerdlucks (un grupo de pequeños extraterrestres) a un partido de baloncesto para decidir si los Looney Tunes permanecen en la Tierra o se trasladan a una lejana galaxia para trabajar en un parque de atracciones de Montaña Tontolandia. Los Nerdlucks cuentan con una poderosa arma secreta que los hace superiores: se han apoderado de las mejores cualidades de las estrellas de la NBA (Charles Barkley y Patrick Ewing). Pero también los Looney poseen un arma secreta: ¡Michael Jordan!",
      "popularity": 132.095,
      "poster_path": "/6V2qY14LFLxl4V4wdyVHCyIjbdF.jpg",
      "release_date": "1996-12-25",
      "title": "Space Jam",
      "video": false,
      "vote_average": 6.9,
      "vote_count": 4540,
    },
    Object {
      "adult": false,
      "backdrop_path": "/2l5UHZBcp9cx1PwKLdisJ0gV9jB.jpg",
      "genre_ids": Array [
        16,
        35,
        14,
        12,
        10751,
      ],
      "id": 808,
      "original_language": "en",
      "original_title": "Shrek",
      "overview": "Hace mucho, mucho tiempo, en una lejanísima ciénaga vivía un intratable ogro llamado Shrek. Pero de repente, un día, su absoluta soledad se ve interrumpida por una invasión de sorprendentes personajes de cuento. Hay ratoncitos ciegos en su comida, un enorme y malísimo lobo en su cama, tres cerditos sin hogar y otros muchos seres increíbles que han sido deportados de su reino por el malvado Lord Farquaad. Para conseguir salvar su terreno, y de paso a sí mismo, Shrek hace un pacto con Farquaad y emprende viaje para conseguir que la preciosa princesa Fiona sea la novia del Lord. En tan importante misión le acompañan un burro chistoso, dispuesto a hacer cualquier cosa por Shrek. Todo, menos estarse calladito. Rescatar a la princesa de una dragona enamoradiza que suelta fuego al respirar va a resultar una tontería comparado con lo que ocurre cuando el oscuro secreto que la joven guardaba es revelado.",
      "popularity": 126.104,
      "poster_path": "/jTQONM7jt1yv2lL972TtmWO0UIZ.jpg",
      "release_date": "2001-06-22",
      "title": "Shrek",
      "video": false,
      "vote_average": 7.7,
      "vote_count": 12705,
    },
  ],
  "total_pages": 65,
  "total_results": 1296,
}
`;

exports[`snapshots v4 should return a valid response from movie popular 1`] = `
Object {
  "page": 1,
  "results": Array [
    Object {
      "adult": false,
      "backdrop_path": "/8iVyhmjzUbvAGppkdCZPiyEHSoF.jpg",
      "genre_ids": Array [
        18,
      ],
      "id": 550,
      "original_language": "en",
      "original_title": "Fight Club",
      "overview": "A ticking-time-bomb insomniac and a slippery soap salesman channel primal male aggression into a shocking new form of therapy. Their concept catches on, with underground \\"fight clubs\\" forming in every town, until an eccentric gets in the way and ignites an out-of-control spiral toward oblivion.",
      "popularity": 24.594,
      "poster_path": "/bptfVGEQuv6vDTIMVCHjJ9Dz8PX.jpg",
      "release_date": "1999-10-15",
      "title": "Fight Club",
      "video": false,
      "vote_average": 8.4,
      "vote_count": 19383,
    },
  ],
  "total_pages": 1,
  "total_results": 1,
}
`;
